mode: set
github.com/bharathvbcr/Jarvis/internal/trace/replay.go:18.95,20.16 2 1
github.com/bharathvbcr/Jarvis/internal/trace/replay.go:20.16,22.3 1 0
github.com/bharathvbcr/Jarvis/internal/trace/replay.go:23.2,23.23 1 1
github.com/bharathvbcr/Jarvis/internal/trace/replay.go:23.23,25.3 1 0
github.com/bharathvbcr/Jarvis/internal/trace/replay.go:26.2,27.54 2 1
github.com/bharathvbcr/Jarvis/internal/trace/replay.go:27.54,29.3 1 0
github.com/bharathvbcr/Jarvis/internal/trace/replay.go:30.2,31.16 2 1
github.com/bharathvbcr/Jarvis/internal/trace/replay.go:31.16,33.3 1 0
github.com/bharathvbcr/Jarvis/internal/trace/replay.go:34.2,34.44 1 1
github.com/bharathvbcr/Jarvis/internal/trace/replay.go:34.44,36.3 1 1
github.com/bharathvbcr/Jarvis/internal/trace/replay.go:37.2,37.26 1 0
github.com/bharathvbcr/Jarvis/internal/trace/replay.go:37.26,39.3 1 0
github.com/bharathvbcr/Jarvis/internal/trace/replay.go:40.2,41.16 2 0
github.com/bharathvbcr/Jarvis/internal/trace/replay.go:41.16,43.3 1 0
github.com/bharathvbcr/Jarvis/internal/trace/replay.go:44.2,44.40 1 0
github.com/bharathvbcr/Jarvis/internal/trace/replay.go:44.40,46.3 1 0
github.com/bharathvbcr/Jarvis/internal/trace/replay.go:47.2,47.19 1 0
github.com/bharathvbcr/Jarvis/tests/native-platform/main.go:16.13,19.46 3 0
github.com/bharathvbcr/Jarvis/tests/native-platform/main.go:19.46,22.3 2 0
github.com/bharathvbcr/Jarvis/tests/native-platform/main.go:24.52,25.20 1 0
github.com/bharathvbcr/Jarvis/tests/native-platform/main.go:25.20,27.3 1 0
github.com/bharathvbcr/Jarvis/tests/native-platform/main.go:28.2,28.17 1 0
github.com/bharathvbcr/Jarvis/tests/native-platform/main.go:29.23,34.43 5 0
github.com/bharathvbcr/Jarvis/tests/native-platform/main.go:34.43,36.4 1 0
github.com/bharathvbcr/Jarvis/tests/native-platform/main.go:37.3,37.20 1 0
github.com/bharathvbcr/Jarvis/tests/native-platform/main.go:37.20,39.4 1 0
github.com/bharathvbcr/Jarvis/tests/native-platform/main.go:40.3,43.17 4 0
github.com/bharathvbcr/Jarvis/tests/native-platform/main.go:43.17,45.4 1 0
github.com/bharathvbcr/Jarvis/tests/native-platform/main.go:46.3,46.57 1 0
github.com/bharathvbcr/Jarvis/tests/native-platform/main.go:47.10,48.51 1 0
github.com/bharathvbcr/Jarvis/tests/native-platform/prepare.go:30.46,32.16 2 1
github.com/bharathvbcr/Jarvis/tests/native-platform/prepare.go:32.16,34.3 1 0
github.com/bharathvbcr/Jarvis/tests/native-platform/prepare.go:35.2,37.40 3 1
github.com/bharathvbcr/Jarvis/tests/native-platform/prepare.go:37.40,39.3 1 0
github.com/bharathvbcr/Jarvis/tests/native-platform/prepare.go:40.2,40.60 1 1
github.com/bharathvbcr/Jarvis/tests/native-platform/prepare.go:40.60,42.3 1 1
github.com/bharathvbcr/Jarvis/tests/native-platform/prepare.go:43.2,43.12 1 1
github.com/bharathvbcr/Jarvis/tests/native-platform/prepare.go:45.78,47.16 2 0
github.com/bharathvbcr/Jarvis/tests/native-platform/prepare.go:47.16,49.3 1 0
github.com/bharathvbcr/Jarvis/tests/native-platform/prepare.go:50.2,50.117 1 0
github.com/bharathvbcr/Jarvis/tests/native-platform/prepare.go:50.117,51.93 1 0
github.com/bharathvbcr/Jarvis/tests/native-platform/prepare.go:51.93,53.4 1 0
github.com/bharathvbcr/Jarvis/tests/native-platform/prepare.go:54.3,54.13 1 0
github.com/bharathvbcr/Jarvis/tests/native-platform/prepare.go:56.2,57.16 2 0
github.com/bharathvbcr/Jarvis/tests/native-platform/prepare.go:57.16,59.3 1 0
github.com/bharathvbcr/Jarvis/tests/native-platform/prepare.go:60.2,61.42 2 0
github.com/bharathvbcr/Jarvis/tests/native-platform/prepare.go:61.42,63.3 1 0
github.com/bharathvbcr/Jarvis/tests/native-platform/prepare.go:64.2,64.36 1 0
github.com/bharathvbcr/Jarvis/tests/native-platform/prepare.go:64.36,66.3 1 0
github.com/bharathvbcr/Jarvis/tests/native-platform/prepare.go:67.2,68.16 2 0
github.com/bharathvbcr/Jarvis/tests/native-platform/prepare.go:68.16,70.3 1 0
github.com/bharathvbcr/Jarvis/tests/native-platform/prepare.go:71.2,73.20 3 0
github.com/bharathvbcr/Jarvis/tests/native-platform/prepare.go:73.20,75.3 1 0
github.com/bharathvbcr/Jarvis/tests/native-platform/prepare.go:76.2,76.21 1 0
github.com/bharathvbcr/Jarvis/tests/native-platform/prepare.go:76.21,78.3 1 0
github.com/bharathvbcr/Jarvis/tests/native-platform/prepare.go:79.2,79.19 1 0
github.com/bharathvbcr/Jarvis/tests/native-platform/prepare.go:79.19,81.3 1 0
github.com/bharathvbcr/Jarvis/tests/native-platform/prepare.go:82.2,82.30 1 0
github.com/bharathvbcr/Jarvis/tests/native-platform/prepare.go:84.53,86.16 2 1
github.com/bharathvbcr/Jarvis/tests/native-platform/prepare.go:86.16,88.3 1 0
github.com/bharathvbcr/Jarvis/tests/native-platform/prepare.go:89.2,91.16 3 1
github.com/bharathvbcr/Jarvis/tests/native-platform/prepare.go:91.16,93.3 1 0
github.com/bharathvbcr/Jarvis/tests/native-platform/prepare.go:94.2,97.38 4 1
github.com/bharathvbcr/Jarvis/tests/native-platform/prepare.go:97.38,99.29 2 1
github.com/bharathvbcr/Jarvis/tests/native-platform/prepare.go:99.29,100.14 1 0
github.com/bharathvbcr/Jarvis/tests/native-platform/prepare.go:100.14,102.5 1 0
github.com/bharathvbcr/Jarvis/tests/native-platform/prepare.go:103.4,103.14 1 0
github.com/bharathvbcr/Jarvis/tests/native-platform/prepare.go:105.3,105.17 1 1
github.com/bharathvbcr/Jarvis/tests/native-platform/prepare.go:105.17,107.4 1 0
github.com/bharathvbcr/Jarvis/tests/native-platform/prepare.go:108.3,108.25 1 1
github.com/bharathvbcr/Jarvis/tests/native-platform/prepare.go:108.25,109.23 1 0
github.com/bharathvbcr/Jarvis/tests/native-platform/prepare.go:109.23,111.5 1 0
github.com/bharathvbcr/Jarvis/tests/native-platform/prepare.go:112.4,112.12 1 0
github.com/bharathvbcr/Jarvis/tests/native-platform/prepare.go:114.3,114.99 1 1
github.com/bharathvbcr/Jarvis/tests/native-platform/prepare.go:114.99,116.4 1 1
github.com/bharathvbcr/Jarvis/tests/native-platform/prepare.go:117.3,118.17 2 1
github.com/bharathvbcr/Jarvis/tests/native-platform/prepare.go:118.17,120.4 1 0
github.com/bharathvbcr/Jarvis/tests/native-platform/prepare.go:121.3,122.36 2 1
github.com/bharathvbcr/Jarvis/tests/native-platform/prepare.go:122.36,124.95 2 1
github.com/bharathvbcr/Jarvis/tests/native-platform/prepare.go:124.95,126.5 1 1
github.com/bharathvbcr/Jarvis/tests/native-platform/prepare.go:128.3,128.21 1 1
github.com/bharathvbcr/Jarvis/tests/native-platform/prepare.go:128.21,130.4 1 0
github.com/bharathvbcr/Jarvis/tests/native-platform/prepare.go:131.3,132.21 2 1
github.com/bharathvbcr/Jarvis/tests/native-platform/prepare.go:132.21,134.4 1 1
github.com/bharathvbcr/Jarvis/tests/native-platform/prepare.go:135.3,135.22 1 0
github.com/bharathvbcr/Jarvis/tests/native-platform/prepare.go:135.22,137.4 1 0
github.com/bharathvbcr/Jarvis/tests/native-platform/prepare.go:138.3,138.15 1 0
github.com/bharathvbcr/Jarvis/tests/native-platform/prepare.go:140.2,140.58 1 0
github.com/bharathvbcr/Jarvis/tests/native-platform/prepare.go:142.29,144.43 2 0
github.com/bharathvbcr/Jarvis/tests/native-platform/prepare.go:144.43,146.3 1 0
github.com/bharathvbcr/Jarvis/tests/native-platform/prepare.go:147.2,149.83 3 0
github.com/bharathvbcr/Jarvis/tests/native-platform/prepare.go:151.37,155.2 3 1
github.com/bharathvbcr/Jarvis/tests/native-platform/prepare.go:156.70,161.2 4 0
github.com/bharathvbcr/Jarvis/tests/native-platform/prepare.go:162.85,163.36 1 1
github.com/bharathvbcr/Jarvis/tests/native-platform/prepare.go:163.36,165.3 1 0
github.com/bharathvbcr/Jarvis/tests/native-platform/prepare.go:166.2,166.65 1 1
github.com/bharathvbcr/Jarvis/tests/native-platform/prepare.go:166.65,168.3 1 1
github.com/bharathvbcr/Jarvis/tests/native-platform/prepare.go:169.2,169.64 1 0
github.com/bharathvbcr/Jarvis/tests/native-platform/prepare.go:169.64,171.3 1 0
github.com/bharathvbcr/Jarvis/tests/native-platform/prepare.go:172.2,173.48 2 0
github.com/bharathvbcr/Jarvis/tests/native-platform/prepare.go:173.48,175.3 1 0
github.com/bharathvbcr/Jarvis/tests/native-platform/prepare.go:177.2,178.45 2 0
github.com/bharathvbcr/Jarvis/tests/native-platform/prepare.go:178.45,180.3 1 0
github.com/bharathvbcr/Jarvis/tests/native-platform/prepare.go:181.2,181.19 1 0
github.com/bharathvbcr/Jarvis/tests/native-platform/prepare.go:181.19,184.118 3 0
github.com/bharathvbcr/Jarvis/tests/native-platform/prepare.go:184.118,186.4 1 0
github.com/bharathvbcr/Jarvis/tests/native-platform/prepare.go:188.2,188.56 1 0
github.com/bharathvbcr/Jarvis/tests/native-platform/prepare.go:188.56,190.3 1 0
github.com/bharathvbcr/Jarvis/tests/native-platform/prepare.go:191.2,192.78 2 0
github.com/bharathvbcr/Jarvis/tests/native-platform/prepare.go:192.78,194.3 1 0
github.com/bharathvbcr/Jarvis/tests/native-platform/prepare.go:195.2,195.156 1 0
github.com/bharathvbcr/Jarvis/tests/native-platform/prepare.go:195.156,197.3 1 0
github.com/bharathvbcr/Jarvis/tests/native-platform/prepare.go:198.2,198.154 1 0
github.com/bharathvbcr/Jarvis/tests/native-platform/prepare.go:198.154,200.3 1 0
github.com/bharathvbcr/Jarvis/tests/native-platform/prepare.go:201.2,202.45 2 0
github.com/bharathvbcr/Jarvis/tests/native-platform/prepare.go:202.45,204.3 1 0
github.com/bharathvbcr/Jarvis/tests/native-platform/prepare.go:205.2,206.16 2 0
github.com/bharathvbcr/Jarvis/tests/native-platform/prepare.go:206.16,208.3 1 0
github.com/bharathvbcr/Jarvis/tests/native-platform/prepare.go:209.2,210.150 2 0
github.com/bharathvbcr/Jarvis/tests/native-platform/prepare.go:210.150,212.3 1 0
github.com/bharathvbcr/Jarvis/tests/native-platform/prepare.go:213.2,213.111 1 0
github.com/bharathvbcr/Jarvis/tests/native-platform/prepare.go:213.111,215.3 1 0
github.com/bharathvbcr/Jarvis/tests/native-platform/prepare.go:216.2,216.104 1 0
github.com/bharathvbcr/Jarvis/tests/native-platform/prepare.go:216.104,218.3 1 0
github.com/bharathvbcr/Jarvis/tests/native-platform/prepare.go:219.2,219.159 1 0
github.com/bharathvbcr/Jarvis/tests/native-platform/prepare.go:219.159,221.3 1 0
github.com/bharathvbcr/Jarvis/tests/native-platform/prepare.go:222.2,222.118 1 0
github.com/bharathvbcr/Jarvis/tests/native-platform/prepare.go:222.118,224.3 1 0
github.com/bharathvbcr/Jarvis/tests/native-platform/prepare.go:225.2,225.95 1 0
github.com/bharathvbcr/Jarvis/tests/native-platform/prepare.go:225.95,227.3 1 0
github.com/bharathvbcr/Jarvis/tests/native-platform/prepare.go:228.2,233.16 3 0
github.com/bharathvbcr/Jarvis/tests/native-platform/prepare.go:233.16,235.3 1 0
github.com/bharathvbcr/Jarvis/tests/native-platform/prepare.go:236.2,236.91 1 0
github.com/bharathvbcr/Jarvis/tests/native-platform/prepare.go:236.91,238.3 1 0
github.com/bharathvbcr/Jarvis/tests/native-platform/prepare.go:239.2,239.50 1 0
github.com/bharathvbcr/Jarvis/tests/native-platform/prepare.go:239.50,241.3 1 0
github.com/bharathvbcr/Jarvis/tests/native-platform/prepare.go:242.2,243.14 2 0
github.com/bharathvbcr/Jarvis/tests/native-platform/prepare.go:243.14,245.3 1 0
github.com/bharathvbcr/Jarvis/tests/native-platform/prepare.go:246.2,246.12 1 0
github.com/bharathvbcr/Jarvis/tests/native-platform/prepare.go:249.50,269.2 1 1
github.com/bharathvbcr/Jarvis/tests/native-platform/prepare.go:284.49,286.2 1 1
github.com/bharathvbcr/Jarvis/cmd/qualify/interactive.go:46.101,48.455 2 1
github.com/bharathvbcr/Jarvis/cmd/qualify/interactive.go:48.455,50.3 1 1
github.com/bharathvbcr/Jarvis/cmd/qualify/interactive.go:51.2,51.66 1 1
github.com/bharathvbcr/Jarvis/cmd/qualify/interactive.go:51.66,53.3 1 0
github.com/bharathvbcr/Jarvis/cmd/qualify/interactive.go:54.2,55.168 2 1
github.com/bharathvbcr/Jarvis/cmd/qualify/interactive.go:55.168,57.3 1 1
github.com/bharathvbcr/Jarvis/cmd/qualify/interactive.go:58.2,60.28 3 1
github.com/bharathvbcr/Jarvis/cmd/qualify/interactive.go:60.28,61.95 1 1
github.com/bharathvbcr/Jarvis/cmd/qualify/interactive.go:61.95,63.4 1 1
github.com/bharathvbcr/Jarvis/cmd/qualify/interactive.go:64.3,64.47 1 1
github.com/bharathvbcr/Jarvis/cmd/qualify/interactive.go:64.47,65.50 1 1
github.com/bharathvbcr/Jarvis/cmd/qualify/interactive.go:65.50,67.5 1 0
github.com/bharathvbcr/Jarvis/cmd/qualify/interactive.go:68.4,68.99 1 1
github.com/bharathvbcr/Jarvis/cmd/qualify/interactive.go:71.2,71.45 1 1
github.com/bharathvbcr/Jarvis/cmd/qualify/interactive.go:71.45,73.3 1 0
github.com/bharathvbcr/Jarvis/cmd/qualify/interactive.go:74.2,74.48 1 1
github.com/bharathvbcr/Jarvis/cmd/qualify/interactive.go:74.48,74.100 1 1
github.com/bharathvbcr/Jarvis/cmd/qualify/interactive.go:75.2,76.16 2 1
github.com/bharathvbcr/Jarvis/cmd/qualify/interactive.go:76.16,78.3 1 0
github.com/bharathvbcr/Jarvis/cmd/qualify/interactive.go:79.2,79.22 1 1
github.com/bharathvbcr/Jarvis/cmd/qualify/interactive.go:79.22,81.3 1 0
github.com/bharathvbcr/Jarvis/cmd/qualify/interactive.go:82.2,84.138 3 1
github.com/bharathvbcr/Jarvis/cmd/qualify/interactive.go:98.108,100.16 2 1
github.com/bharathvbcr/Jarvis/cmd/qualify/interactive.go:100.16,102.3 1 0
github.com/bharathvbcr/Jarvis/cmd/qualify/interactive.go:103.2,103.40 1 1
github.com/bharathvbcr/Jarvis/cmd/qualify/interactive.go:103.40,105.3 1 1
github.com/bharathvbcr/Jarvis/cmd/qualify/interactive.go:106.2,107.12 2 0
github.com/bharathvbcr/Jarvis/cmd/qualify/interactive.go:107.12,111.22 4 0
github.com/bharathvbcr/Jarvis/cmd/qualify/interactive.go:111.22,112.11 1 0
github.com/bharathvbcr/Jarvis/cmd/qualify/interactive.go:113.50,113.50 0 0
github.com/bharathvbcr/Jarvis/cmd/qualify/interactive.go:114.22,115.11 1 0
github.com/bharathvbcr/Jarvis/cmd/qualify/interactive.go:118.3,118.39 1 0
github.com/bharathvbcr/Jarvis/cmd/qualify/interactive.go:118.39,119.11 1 0
github.com/bharathvbcr/Jarvis/cmd/qualify/interactive.go:120.38,120.38 0 0
github.com/bharathvbcr/Jarvis/cmd/qualify/interactive.go:121.22,121.22 0 0
github.com/bharathvbcr/Jarvis/cmd/qualify/interactive.go:125.2,125.46 1 0
github.com/bharathvbcr/Jarvis/cmd/qualify/interactive.go:128.93,130.16 2 1
github.com/bharathvbcr/Jarvis/cmd/qualify/interactive.go:130.16,132.3 1 0
github.com/bharathvbcr/Jarvis/cmd/qualify/interactive.go:133.2,133.400 1 1
github.com/bharathvbcr/Jarvis/cmd/qualify/interactive.go:133.400,135.3 1 0
github.com/bharathvbcr/Jarvis/cmd/qualify/interactive.go:136.2,136.6 1 1
github.com/bharathvbcr/Jarvis/cmd/qualify/interactive.go:136.6,137.10 1 1
github.com/bharathvbcr/Jarvis/cmd/qualify/interactive.go:138.21,139.27 1 0
github.com/bharathvbcr/Jarvis/cmd/qualify/interactive.go:140.30,141.11 1 1
github.com/bharathvbcr/Jarvis/cmd/qualify/interactive.go:141.11,143.5 1 0
github.com/bharathvbcr/Jarvis/cmd/qualify/interactive.go:144.4,144.23 1 1
github.com/bharathvbcr/Jarvis/cmd/qualify/interactive.go:144.23,146.5 1 0
github.com/bharathvbcr/Jarvis/cmd/qualify/interactive.go:147.4,147.40 1 1
github.com/bharathvbcr/Jarvis/cmd/qualify/interactive.go:148.24,149.21 1 1
github.com/bharathvbcr/Jarvis/cmd/qualify/interactive.go:150.16,151.22 1 0
github.com/bharathvbcr/Jarvis/cmd/qualify/interactive.go:152.18,153.35 1 0
github.com/bharathvbcr/Jarvis/cmd/qualify/interactive.go:154.12,155.165 1 1
github.com/bharathvbcr/Jarvis/cmd/qualify/interactive.go:155.165,157.6 1 0
github.com/bharathvbcr/Jarvis/cmd/qualify/interactive.go:163.91,166.2 2 1
github.com/bharathvbcr/Jarvis/cmd/qualify/interactive.go:168.152,173.6 5 1
github.com/bharathvbcr/Jarvis/cmd/qualify/interactive.go:173.6,175.17 2 1
github.com/bharathvbcr/Jarvis/cmd/qualify/interactive.go:175.17,177.4 1 0
github.com/bharathvbcr/Jarvis/cmd/qualify/interactive.go:178.3,178.20 1 1
github.com/bharathvbcr/Jarvis/cmd/qualify/interactive.go:178.20,180.4 1 1
github.com/bharathvbcr/Jarvis/cmd/qualify/interactive.go:181.3,181.35 1 1
github.com/bharathvbcr/Jarvis/cmd/qualify/interactive.go:181.35,184.4 2 1
github.com/bharathvbcr/Jarvis/cmd/qualify/interactive.go:185.3,185.73 1 1
github.com/bharathvbcr/Jarvis/cmd/qualify/interactive.go:185.73,187.20 2 1
github.com/bharathvbcr/Jarvis/cmd/qualify/interactive.go:187.20,189.19 2 1
github.com/bharathvbcr/Jarvis/cmd/qualify/interactive.go:189.19,192.6 2 0
github.com/bharathvbcr/Jarvis/cmd/qualify/interactive.go:193.5,193.40 1 1
github.com/bharathvbcr/Jarvis/cmd/qualify/interactive.go:193.40,194.13 1 0
github.com/bharathvbcr/Jarvis/cmd/qualify/interactive.go:195.24,195.24 0 0
github.com/bharathvbcr/Jarvis/cmd/qualify/interactive.go:196.22,196.22 0 0
github.com/bharathvbcr/Jarvis/cmd/qualify/interactive.go:198.6,198.14 1 0
github.com/bharathvbcr/Jarvis/cmd/qualify/interactive.go:200.5,201.19 2 1
github.com/bharathvbcr/Jarvis/cmd/qualify/interactive.go:201.19,204.6 2 1
github.com/bharathvbcr/Jarvis/cmd/qualify/interactive.go:205.5,206.19 2 1
github.com/bharathvbcr/Jarvis/cmd/qualify/interactive.go:206.19,209.6 2 0
github.com/bharathvbcr/Jarvis/cmd/qualify/interactive.go:210.5,211.56 2 1
github.com/bharathvbcr/Jarvis/cmd/qualify/interactive.go:211.56,212.14 1 1
github.com/bharathvbcr/Jarvis/cmd/qualify/interactive.go:214.5,216.17 3 1
github.com/bharathvbcr/Jarvis/cmd/qualify/interactive.go:216.17,218.6 1 1
github.com/bharathvbcr/Jarvis/cmd/qualify/interactive.go:220.4,220.176 1 1
github.com/bharathvbcr/Jarvis/cmd/qualify/interactive.go:220.176,223.5 2 0
github.com/bharathvbcr/Jarvis/cmd/qualify/interactive.go:224.4,224.25 1 1
github.com/bharathvbcr/Jarvis/cmd/qualify/interactive.go:224.25,226.5 1 1
github.com/bharathvbcr/Jarvis/cmd/qualify/interactive.go:226.10,228.5 1 0
github.com/bharathvbcr/Jarvis/cmd/qualify/interactive.go:230.3,230.42 1 1
github.com/bharathvbcr/Jarvis/cmd/qualify/interactive.go:230.42,233.4 2 0
github.com/bharathvbcr/Jarvis/cmd/qualify/interactive.go:234.3,234.10 1 1
github.com/bharathvbcr/Jarvis/cmd/qualify/interactive.go:235.21,237.26 2 0
github.com/bharathvbcr/Jarvis/cmd/qualify/interactive.go:238.19,238.19 0 1
github.com/bharathvbcr/Jarvis/cmd/qualify/main.go:82.13,83.30 1 0
github.com/bharathvbcr/Jarvis/cmd/qualify/main.go:83.30,86.3 2 0
github.com/bharathvbcr/Jarvis/cmd/qualify/main.go:88.30,103.17 15 0
github.com/bharathvbcr/Jarvis/cmd/qualify/main.go:103.17,105.3 1 0
github.com/bharathvbcr/Jarvis/cmd/qualify/main.go:106.2,107.16 2 0
github.com/bharathvbcr/Jarvis/cmd/qualify/main.go:107.16,109.3 1 0
github.com/bharathvbcr/Jarvis/cmd/qualify/main.go:110.2,110.22 1 0
github.com/bharathvbcr/Jarvis/cmd/qualify/main.go:110.22,112.3 1 0
github.com/bharathvbcr/Jarvis/cmd/qualify/main.go:113.2,113.71 1 0
github.com/bharathvbcr/Jarvis/cmd/qualify/main.go:113.71,115.3 1 0
github.com/bharathvbcr/Jarvis/cmd/qualify/main.go:116.2,119.43 4 0
github.com/bharathvbcr/Jarvis/cmd/qualify/main.go:119.43,121.17 2 0
github.com/bharathvbcr/Jarvis/cmd/qualify/main.go:121.17,123.4 1 0
github.com/bharathvbcr/Jarvis/cmd/qualify/main.go:125.2,126.16 2 0
github.com/bharathvbcr/Jarvis/cmd/qualify/main.go:126.16,128.3 1 0
github.com/bharathvbcr/Jarvis/cmd/qualify/main.go:129.2,130.16 2 0
github.com/bharathvbcr/Jarvis/cmd/qualify/main.go:130.16,132.3 1 0
github.com/bharathvbcr/Jarvis/cmd/qualify/main.go:133.2,135.15 3 0
github.com/bharathvbcr/Jarvis/cmd/qualify/main.go:135.15,137.3 1 0
github.com/bharathvbcr/Jarvis/cmd/qualify/main.go:138.2,138.46 1 0
github.com/bharathvbcr/Jarvis/cmd/qualify/main.go:138.46,140.3 1 0
github.com/bharathvbcr/Jarvis/cmd/qualify/main.go:141.2,141.15 1 0
github.com/bharathvbcr/Jarvis/cmd/qualify/main.go:141.15,141.83 2 0
github.com/bharathvbcr/Jarvis/cmd/qualify/main.go:142.2,143.37 2 0
github.com/bharathvbcr/Jarvis/cmd/qualify/main.go:143.37,144.44 1 0
github.com/bharathvbcr/Jarvis/cmd/qualify/main.go:144.44,146.24 2 0
github.com/bharathvbcr/Jarvis/cmd/qualify/main.go:146.24,148.5 1 0
github.com/bharathvbcr/Jarvis/cmd/qualify/main.go:149.4,149.24 1 0
github.com/bharathvbcr/Jarvis/cmd/qualify/main.go:149.24,150.47 1 0
github.com/bharathvbcr/Jarvis/cmd/qualify/main.go:150.47,152.6 1 0
github.com/bharathvbcr/Jarvis/cmd/qualify/main.go:154.4,154.24 1 0
github.com/bharathvbcr/Jarvis/cmd/qualify/main.go:154.24,157.13 3 0
github.com/bharathvbcr/Jarvis/cmd/qualify/main.go:159.4,160.30 2 0
github.com/bharathvbcr/Jarvis/cmd/qualify/main.go:160.30,164.57 4 0
github.com/bharathvbcr/Jarvis/cmd/qualify/main.go:164.57,166.6 1 0
github.com/bharathvbcr/Jarvis/cmd/qualify/main.go:168.4,172.18 5 0
github.com/bharathvbcr/Jarvis/cmd/qualify/main.go:172.18,174.5 1 0
github.com/bharathvbcr/Jarvis/cmd/qualify/main.go:174.10,185.23 11 0
github.com/bharathvbcr/Jarvis/cmd/qualify/main.go:185.23,187.6 1 0
github.com/bharathvbcr/Jarvis/cmd/qualify/main.go:188.5,188.67 1 0
github.com/bharathvbcr/Jarvis/cmd/qualify/main.go:188.67,190.6 1 0
github.com/bharathvbcr/Jarvis/cmd/qualify/main.go:191.5,191.27 1 0
github.com/bharathvbcr/Jarvis/cmd/qualify/main.go:191.27,193.6 1 0
github.com/bharathvbcr/Jarvis/cmd/qualify/main.go:194.5,194.23 1 0
github.com/bharathvbcr/Jarvis/cmd/qualify/main.go:194.23,196.6 1 0
github.com/bharathvbcr/Jarvis/cmd/qualify/main.go:197.5,200.24 4 0
github.com/bharathvbcr/Jarvis/cmd/qualify/main.go:200.24,202.6 1 0
github.com/bharathvbcr/Jarvis/cmd/qualify/main.go:203.5,205.25 3 0
github.com/bharathvbcr/Jarvis/cmd/qualify/main.go:205.25,208.6 2 0
github.com/bharathvbcr/Jarvis/cmd/qualify/main.go:208.11,210.6 1 0
github.com/bharathvbcr/Jarvis/cmd/qualify/main.go:211.5,211.29 1 0
github.com/bharathvbcr/Jarvis/cmd/qualify/main.go:211.29,213.6 1 0
github.com/bharathvbcr/Jarvis/cmd/qualify/main.go:214.5,215.103 2 0
github.com/bharathvbcr/Jarvis/cmd/qualify/main.go:217.4,221.39 5 0
github.com/bharathvbcr/Jarvis/cmd/qualify/main.go:221.39,223.5 1 0
github.com/bharathvbcr/Jarvis/cmd/qualify/main.go:226.2,227.60 2 0
github.com/bharathvbcr/Jarvis/cmd/qualify/main.go:227.60,229.3 1 0
github.com/bharathvbcr/Jarvis/cmd/qualify/main.go:230.2,230.22 1 0
github.com/bharathvbcr/Jarvis/cmd/qualify/main.go:230.22,232.3 1 0
github.com/bharathvbcr/Jarvis/cmd/qualify/main.go:233.2,233.23 1 0
github.com/bharathvbcr/Jarvis/cmd/qualify/main.go:233.23,235.3 1 0
github.com/bharathvbcr/Jarvis/cmd/qualify/main.go:236.2,236.12 1 0
github.com/bharathvbcr/Jarvis/cmd/qualify/main.go:238.42,239.19 1 0
github.com/bharathvbcr/Jarvis/cmd/qualify/main.go:239.19,241.3 1 0
github.com/bharathvbcr/Jarvis/cmd/qualify/main.go:242.2,242.28 1 0
github.com/bharathvbcr/Jarvis/cmd/qualify/main.go:244.130,245.82 1 1
github.com/bharathvbcr/Jarvis/cmd/qualify/main.go:245.82,247.3 1 0
github.com/bharathvbcr/Jarvis/cmd/qualify/main.go:248.2,250.29 3 1
github.com/bharathvbcr/Jarvis/cmd/qualify/main.go:250.29,251.57 1 1
github.com/bharathvbcr/Jarvis/cmd/qualify/main.go:251.57,253.4 1 1
github.com/bharathvbcr/Jarvis/cmd/qualify/main.go:254.3,254.20 1 1
github.com/bharathvbcr/Jarvis/cmd/qualify/main.go:256.2,256.18 1 1
github.com/bharathvbcr/Jarvis/cmd/qualify/main.go:257.149,257.149 0 1
github.com/bharathvbcr/Jarvis/cmd/qualify/main.go:258.10,259.45 1 1
github.com/bharathvbcr/Jarvis/cmd/qualify/main.go:261.2,261.34 1 1
github.com/bharathvbcr/Jarvis/cmd/qualify/main.go:261.34,263.3 1 0
github.com/bharathvbcr/Jarvis/cmd/qualify/main.go:264.2,264.81 1 1
github.com/bharathvbcr/Jarvis/cmd/qualify/main.go:264.81,266.3 1 1
github.com/bharathvbcr/Jarvis/cmd/qualify/main.go:267.2,267.35 1 1
github.com/bharathvbcr/Jarvis/cmd/qualify/main.go:267.35,269.3 1 0
github.com/bharathvbcr/Jarvis/cmd/qualify/main.go:270.2,270.19 1 1
github.com/bharathvbcr/Jarvis/cmd/qualify/main.go:279.97,282.105 3 1
github.com/bharathvbcr/Jarvis/cmd/qualify/main.go:282.105,284.3 1 0
github.com/bharathvbcr/Jarvis/cmd/qualify/main.go:285.2,286.39 2 1
github.com/bharathvbcr/Jarvis/cmd/qualify/main.go:288.83,290.99 2 1
github.com/bharathvbcr/Jarvis/cmd/qualify/main.go:290.99,292.3 1 1
github.com/bharathvbcr/Jarvis/cmd/qualify/main.go:293.2,293.122 1 1
github.com/bharathvbcr/Jarvis/cmd/qualify/main.go:293.122,295.3 1 1
github.com/bharathvbcr/Jarvis/cmd/qualify/main.go:296.2,296.18 1 1
github.com/bharathvbcr/Jarvis/cmd/qualify/main.go:298.81,299.26 1 1
github.com/bharathvbcr/Jarvis/cmd/qualify/main.go:299.26,301.3 1 1
github.com/bharathvbcr/Jarvis/cmd/qualify/main.go:302.2,302.33 1 1
github.com/bharathvbcr/Jarvis/cmd/qualify/main.go:302.33,304.30 2 1
github.com/bharathvbcr/Jarvis/cmd/qualify/main.go:304.30,305.12 1 0
github.com/bharathvbcr/Jarvis/cmd/qualify/main.go:307.3,309.32 3 1
github.com/bharathvbcr/Jarvis/cmd/qualify/main.go:309.32,311.79 2 1
github.com/bharathvbcr/Jarvis/cmd/qualify/main.go:311.79,313.5 1 1
github.com/bharathvbcr/Jarvis/cmd/qualify/main.go:315.3,315.19 1 1
github.com/bharathvbcr/Jarvis/cmd/qualify/main.go:316.18,317.59 1 0
github.com/bharathvbcr/Jarvis/cmd/qualify/main.go:317.59,319.5 1 0
github.com/bharathvbcr/Jarvis/cmd/qualify/main.go:320.16,321.29 1 0
github.com/bharathvbcr/Jarvis/cmd/qualify/main.go:321.29,323.5 1 0
github.com/bharathvbcr/Jarvis/cmd/qualify/main.go:324.26,325.65 1 0
github.com/bharathvbcr/Jarvis/cmd/qualify/main.go:325.65,327.5 1 0
github.com/bharathvbcr/Jarvis/cmd/qualify/main.go:328.28,329.37 1 0
github.com/bharathvbcr/Jarvis/cmd/qualify/main.go:329.37,331.5 1 0
github.com/bharathvbcr/Jarvis/cmd/qualify/main.go:332.22,333.56 1 1
github.com/bharathvbcr/Jarvis/cmd/qualify/main.go:333.56,335.5 1 0
github.com/bharathvbcr/Jarvis/cmd/qualify/main.go:340.2,340.14 1 1
github.com/bharathvbcr/Jarvis/cmd/qualify/main.go:342.27,352.33 10 1
github.com/bharathvbcr/Jarvis/cmd/qualify/main.go:352.33,353.64 1 1
github.com/bharathvbcr/Jarvis/cmd/qualify/main.go:353.64,355.4 1 0
github.com/bharathvbcr/Jarvis/cmd/qualify/main.go:356.3,357.68 2 1
github.com/bharathvbcr/Jarvis/cmd/qualify/main.go:359.2,359.33 1 1
github.com/bharathvbcr/Jarvis/cmd/qualify/main.go:359.33,360.23 1 1
github.com/bharathvbcr/Jarvis/cmd/qualify/main.go:360.23,361.26 1 1
github.com/bharathvbcr/Jarvis/cmd/qualify/main.go:361.26,363.5 1 1
github.com/bharathvbcr/Jarvis/cmd/qualify/main.go:364.4,364.29 1 1
github.com/bharathvbcr/Jarvis/cmd/qualify/main.go:366.3,367.88 2 1
github.com/bharathvbcr/Jarvis/cmd/qualify/main.go:367.88,369.12 2 1
github.com/bharathvbcr/Jarvis/cmd/qualify/main.go:371.3,373.21 3 1
github.com/bharathvbcr/Jarvis/cmd/qualify/main.go:373.21,375.4 1 1
github.com/bharathvbcr/Jarvis/cmd/qualify/main.go:376.3,376.24 1 1
github.com/bharathvbcr/Jarvis/cmd/qualify/main.go:376.24,378.4 1 0
github.com/bharathvbcr/Jarvis/cmd/qualify/main.go:379.3,379.97 1 1
github.com/bharathvbcr/Jarvis/cmd/qualify/main.go:379.97,381.4 1 0
github.com/bharathvbcr/Jarvis/cmd/qualify/main.go:382.3,382.23 1 1
github.com/bharathvbcr/Jarvis/cmd/qualify/main.go:383.17,384.151 1 1
github.com/bharathvbcr/Jarvis/cmd/qualify/main.go:384.151,386.5 1 1
github.com/bharathvbcr/Jarvis/cmd/qualify/main.go:387.4,389.62 3 1
github.com/bharathvbcr/Jarvis/cmd/qualify/main.go:389.62,391.5 1 1
github.com/bharathvbcr/Jarvis/cmd/qualify/main.go:392.17,394.14 2 0
github.com/bharathvbcr/Jarvis/cmd/qualify/main.go:395.18,397.15 2 1
github.com/bharathvbcr/Jarvis/cmd/qualify/main.go:398.11,399.17 1 0
github.com/bharathvbcr/Jarvis/cmd/qualify/main.go:401.3,401.30 1 1
github.com/bharathvbcr/Jarvis/cmd/qualify/main.go:403.2,404.33 2 1
github.com/bharathvbcr/Jarvis/cmd/qualify/main.go:404.33,406.3 1 1
github.com/bharathvbcr/Jarvis/cmd/qualify/main.go:407.2,409.129 3 1
github.com/bharathvbcr/Jarvis/cmd/qualify/main.go:411.49,412.62 1 1
github.com/bharathvbcr/Jarvis/cmd/qualify/main.go:412.62,414.3 1 0
github.com/bharathvbcr/Jarvis/cmd/qualify/main.go:415.2,416.16 2 1
github.com/bharathvbcr/Jarvis/cmd/qualify/main.go:416.16,418.3 1 1
github.com/bharathvbcr/Jarvis/cmd/qualify/main.go:419.2,419.61 1 1
github.com/bharathvbcr/Jarvis/cmd/qualify/main.go:421.40,422.62 1 1
github.com/bharathvbcr/Jarvis/cmd/qualify/main.go:422.62,424.3 1 0
github.com/bharathvbcr/Jarvis/cmd/qualify/main.go:425.2,426.16 2 1
github.com/bharathvbcr/Jarvis/cmd/qualify/main.go:426.16,428.3 1 0
github.com/bharathvbcr/Jarvis/cmd/qualify/main.go:429.2,430.16 2 1
github.com/bharathvbcr/Jarvis/cmd/qualify/main.go:430.16,432.3 1 0
github.com/bharathvbcr/Jarvis/cmd/qualify/main.go:433.2,435.37 3 1
github.com/bharathvbcr/Jarvis/cmd/qualify/main.go:435.37,438.3 2 0
github.com/bharathvbcr/Jarvis/cmd/qualify/main.go:439.2,439.32 1 1
github.com/bharathvbcr/Jarvis/cmd/qualify/main.go:439.32,442.3 2 0
github.com/bharathvbcr/Jarvis/cmd/qualify/main.go:443.2,443.33 1 1
github.com/bharathvbcr/Jarvis/cmd/qualify/main.go:443.33,445.3 1 0
github.com/bharathvbcr/Jarvis/cmd/qualify/main.go:446.2,446.30 1 1
github.com/bharathvbcr/Jarvis/cmd/qualify/main.go:448.30,451.16 3 0
github.com/bharathvbcr/Jarvis/cmd/qualify/main.go:451.16,453.3 1 0
github.com/bharathvbcr/Jarvis/cmd/qualify/main.go:454.2,454.52 1 0
github.com/bharathvbcr/Jarvis/cmd/qualify/main.go:454.52,455.94 1 0
github.com/bharathvbcr/Jarvis/cmd/qualify/main.go:455.94,456.62 1 0
github.com/bharathvbcr/Jarvis/cmd/qualify/main.go:456.62,458.5 1 0
github.com/bharathvbcr/Jarvis/cmd/qualify/main.go:461.2,462.12 2 0
github.com/bharathvbcr/Jarvis/cmd/qualify/main.go:469.40,469.60 1 0
github.com/bharathvbcr/Jarvis/cmd/qualify/main.go:471.40,473.2 1 1
github.com/bharathvbcr/Jarvis/cmd/qualify/main.go:474.47,475.34 1 1
github.com/bharathvbcr/Jarvis/cmd/qualify/main.go:475.34,477.3 1 1
github.com/bharathvbcr/Jarvis/cmd/qualify/main.go:478.2,478.24 1 1
github.com/bharathvbcr/Jarvis/cmd/qualify/main.go:478.24,480.3 1 1
github.com/bharathvbcr/Jarvis/cmd/qualify/main.go:481.2,482.51 2 1
github.com/bharathvbcr/Jarvis/cmd/qualify/main.go:482.51,485.39 3 1
github.com/bharathvbcr/Jarvis/cmd/qualify/main.go:485.39,490.4 4 1
github.com/bharathvbcr/Jarvis/cmd/qualify/main.go:491.3,491.17 1 1
github.com/bharathvbcr/Jarvis/cmd/qualify/main.go:491.17,493.4 1 1
github.com/bharathvbcr/Jarvis/cmd/qualify/main.go:493.9,495.4 1 1
github.com/bharathvbcr/Jarvis/cmd/qualify/main.go:497.2,497.22 1 1
github.com/bharathvbcr/Jarvis/cmd/qualify/oracle.go:16.68,17.101 1 1
github.com/bharathvbcr/Jarvis/cmd/qualify/oracle.go:17.101,19.3 1 1
github.com/bharathvbcr/Jarvis/cmd/qualify/oracle.go:20.2,20.28 1 1
github.com/bharathvbcr/Jarvis/cmd/qualify/oracle.go:22.49,23.25 1 0
github.com/bharathvbcr/Jarvis/cmd/qualify/oracle.go:23.25,25.3 1 0
github.com/bharathvbcr/Jarvis/cmd/qualify/oracle.go:26.2,26.133 1 0
github.com/bharathvbcr/Jarvis/cmd/qualify/oracle.go:48.79,50.16 2 1
github.com/bharathvbcr/Jarvis/cmd/qualify/oracle.go:50.16,52.3 1 0
github.com/bharathvbcr/Jarvis/cmd/qualify/oracle.go:53.2,53.43 1 1
github.com/bharathvbcr/Jarvis/cmd/qualify/oracle.go:58.94,60.16 2 1
github.com/bharathvbcr/Jarvis/cmd/qualify/oracle.go:60.16,62.3 1 0
github.com/bharathvbcr/Jarvis/cmd/qualify/oracle.go:63.2,65.41 3 1
github.com/bharathvbcr/Jarvis/cmd/qualify/oracle.go:65.41,67.3 1 1
github.com/bharathvbcr/Jarvis/cmd/qualify/oracle.go:68.2,68.26 1 1
github.com/bharathvbcr/Jarvis/cmd/qualify/oracle.go:71.50,73.16 2 1
github.com/bharathvbcr/Jarvis/cmd/qualify/oracle.go:73.16,75.3 1 0
github.com/bharathvbcr/Jarvis/cmd/qualify/oracle.go:76.2,76.30 1 1
github.com/bharathvbcr/Jarvis/cmd/qualify/oracle.go:76.30,78.3 1 0
github.com/bharathvbcr/Jarvis/cmd/qualify/oracle.go:79.2,80.16 2 1
github.com/bharathvbcr/Jarvis/cmd/qualify/oracle.go:80.16,82.3 1 0
github.com/bharathvbcr/Jarvis/cmd/qualify/oracle.go:83.2,85.16 3 1
github.com/bharathvbcr/Jarvis/cmd/qualify/oracle.go:85.16,87.3 1 0
github.com/bharathvbcr/Jarvis/cmd/qualify/oracle.go:88.2,88.62 1 1
github.com/bharathvbcr/Jarvis/cmd/qualify/oracle.go:88.62,90.3 1 0
github.com/bharathvbcr/Jarvis/cmd/qualify/oracle.go:91.2,92.16 2 1
github.com/bharathvbcr/Jarvis/cmd/qualify/oracle.go:92.16,94.3 1 0
github.com/bharathvbcr/Jarvis/cmd/qualify/oracle.go:95.2,95.22 1 1
github.com/bharathvbcr/Jarvis/cmd/qualify/oracle.go:95.22,97.3 1 0
github.com/bharathvbcr/Jarvis/cmd/qualify/oracle.go:98.2,99.58 2 1
github.com/bharathvbcr/Jarvis/cmd/qualify/oracle.go:99.58,101.3 1 0
github.com/bharathvbcr/Jarvis/cmd/qualify/oracle.go:102.2,102.19 1 1
github.com/bharathvbcr/Jarvis/cmd/qualify/oracle.go:105.83,107.28 2 1
github.com/bharathvbcr/Jarvis/cmd/qualify/oracle.go:107.28,109.3 1 1
github.com/bharathvbcr/Jarvis/cmd/qualify/oracle.go:110.2,110.113 1 1
github.com/bharathvbcr/Jarvis/cmd/qualify/oracle.go:110.113,112.3 1 1
github.com/bharathvbcr/Jarvis/cmd/qualify/oracle.go:113.2,114.39 2 1
github.com/bharathvbcr/Jarvis/cmd/qualify/oracle.go:114.39,116.108 2 1
github.com/bharathvbcr/Jarvis/cmd/qualify/oracle.go:116.108,118.4 1 1
github.com/bharathvbcr/Jarvis/cmd/qualify/oracle.go:119.3,119.54 1 1
github.com/bharathvbcr/Jarvis/cmd/qualify/oracle.go:119.54,120.138 1 1
github.com/bharathvbcr/Jarvis/cmd/qualify/oracle.go:120.138,122.5 1 1
github.com/bharathvbcr/Jarvis/cmd/qualify/oracle.go:123.9,123.42 1 1
github.com/bharathvbcr/Jarvis/cmd/qualify/oracle.go:123.42,125.4 1 1
github.com/bharathvbcr/Jarvis/cmd/qualify/oracle.go:126.3,126.30 1 1
github.com/bharathvbcr/Jarvis/cmd/qualify/oracle.go:128.2,128.24 1 1
github.com/bharathvbcr/Jarvis/cmd/qualify/oracle.go:128.24,130.3 1 0
github.com/bharathvbcr/Jarvis/cmd/qualify/oracle.go:131.2,131.12 1 1
github.com/bharathvbcr/Jarvis/cmd/qualify/oracle.go:134.72,135.33 1 1
github.com/bharathvbcr/Jarvis/cmd/qualify/oracle.go:135.33,136.42 1 1
github.com/bharathvbcr/Jarvis/cmd/qualify/oracle.go:136.42,137.38 1 1
github.com/bharathvbcr/Jarvis/cmd/qualify/oracle.go:137.38,139.5 1 1
github.com/bharathvbcr/Jarvis/cmd/qualify/oracle.go:140.4,140.146 1 1
github.com/bharathvbcr/Jarvis/cmd/qualify/oracle.go:140.146,142.5 1 1
github.com/bharathvbcr/Jarvis/cmd/qualify/oracle.go:145.2,145.8 1 1
github.com/bharathvbcr/Jarvis/cmd/qualify/oracle.go:147.73,149.2 1 1
github.com/bharathvbcr/Jarvis/cmd/qualify/oracle.go:150.81,154.25 4 1
github.com/bharathvbcr/Jarvis/cmd/qualify/oracle.go:154.25,156.3 1 1
github.com/bharathvbcr/Jarvis/cmd/qualify/oracle.go:157.2,157.37 1 1
github.com/bharathvbcr/Jarvis/cmd/qualify/oracle.go:157.37,158.67 1 1
github.com/bharathvbcr/Jarvis/cmd/qualify/oracle.go:158.67,160.4 1 1
github.com/bharathvbcr/Jarvis/cmd/qualify/oracle.go:161.3,161.157 1 1
github.com/bharathvbcr/Jarvis/cmd/qualify/oracle.go:161.157,163.4 1 1
github.com/bharathvbcr/Jarvis/cmd/qualify/oracle.go:165.2,165.19 1 1
github.com/bharathvbcr/Jarvis/cmd/qualify/oracle.go:167.101,168.37 1 1
github.com/bharathvbcr/Jarvis/cmd/qualify/oracle.go:168.37,170.208 2 1
github.com/bharathvbcr/Jarvis/cmd/qualify/oracle.go:170.208,171.12 1 1
github.com/bharathvbcr/Jarvis/cmd/qualify/oracle.go:173.3,174.49 2 1
github.com/bharathvbcr/Jarvis/cmd/qualify/oracle.go:174.49,175.58 1 1
github.com/bharathvbcr/Jarvis/cmd/qualify/oracle.go:175.58,178.5 2 1
github.com/bharathvbcr/Jarvis/cmd/qualify/oracle.go:180.3,180.28 1 1
github.com/bharathvbcr/Jarvis/cmd/qualify/oracle.go:180.28,182.4 1 1
github.com/bharathvbcr/Jarvis/cmd/qualify/oracle.go:184.2,184.14 1 1
github.com/bharathvbcr/Jarvis/cmd/qualify/oracle.go:186.109,187.40 1 1
github.com/bharathvbcr/Jarvis/cmd/qualify/oracle.go:187.40,189.3 1 1
github.com/bharathvbcr/Jarvis/cmd/qualify/oracle.go:190.2,190.18 1 1
github.com/bharathvbcr/Jarvis/cmd/qualify/oracle.go:191.17,192.34 1 0
github.com/bharathvbcr/Jarvis/cmd/qualify/oracle.go:193.27,194.115 1 0
github.com/bharathvbcr/Jarvis/cmd/qualify/oracle.go:195.16,196.135 1 0
github.com/bharathvbcr/Jarvis/cmd/qualify/oracle.go:197.57,198.174 1 0
github.com/bharathvbcr/Jarvis/cmd/qualify/oracle.go:199.21,201.97 2 1
github.com/bharathvbcr/Jarvis/cmd/qualify/oracle.go:202.19,204.37 2 1
github.com/bharathvbcr/Jarvis/cmd/qualify/oracle.go:204.37,205.86 1 1
github.com/bharathvbcr/Jarvis/cmd/qualify/oracle.go:205.86,207.5 1 1
github.com/bharathvbcr/Jarvis/cmd/qualify/oracle.go:209.3,212.169 4 1
github.com/bharathvbcr/Jarvis/cmd/qualify/oracle.go:213.28,215.55 2 1
github.com/bharathvbcr/Jarvis/cmd/qualify/oracle.go:217.2,217.14 1 0
github.com/bharathvbcr/Jarvis/cmd/qualify/provenance.go:31.49,33.16 2 1
github.com/bharathvbcr/Jarvis/cmd/qualify/provenance.go:33.16,35.3 1 0
github.com/bharathvbcr/Jarvis/cmd/qualify/provenance.go:36.2,37.16 2 1
github.com/bharathvbcr/Jarvis/cmd/qualify/provenance.go:37.16,39.3 1 0
github.com/bharathvbcr/Jarvis/cmd/qualify/provenance.go:40.2,41.16 2 1
github.com/bharathvbcr/Jarvis/cmd/qualify/provenance.go:41.16,43.3 1 0
github.com/bharathvbcr/Jarvis/cmd/qualify/provenance.go:44.2,46.16 3 1
github.com/bharathvbcr/Jarvis/cmd/qualify/provenance.go:46.16,48.3 1 0
github.com/bharathvbcr/Jarvis/cmd/qualify/provenance.go:49.2,49.81 1 1
github.com/bharathvbcr/Jarvis/cmd/qualify/provenance.go:49.81,51.3 1 0
github.com/bharathvbcr/Jarvis/cmd/qualify/provenance.go:52.2,54.16 3 1
github.com/bharathvbcr/Jarvis/cmd/qualify/provenance.go:54.16,56.3 1 0
github.com/bharathvbcr/Jarvis/cmd/qualify/provenance.go:57.2,58.16 2 1
github.com/bharathvbcr/Jarvis/cmd/qualify/provenance.go:58.16,60.3 1 0
github.com/bharathvbcr/Jarvis/cmd/qualify/provenance.go:61.2,61.99 1 1
github.com/bharathvbcr/Jarvis/cmd/qualify/provenance.go:61.99,63.3 1 0
github.com/bharathvbcr/Jarvis/cmd/qualify/provenance.go:64.2,64.86 1 1
github.com/bharathvbcr/Jarvis/cmd/qualify/provenance.go:66.107,68.16 2 0
github.com/bharathvbcr/Jarvis/cmd/qualify/provenance.go:68.16,70.3 1 0
github.com/bharathvbcr/Jarvis/cmd/qualify/provenance.go:71.2,72.31 2 0
github.com/bharathvbcr/Jarvis/cmd/qualify/provenance.go:72.31,74.3 1 0
github.com/bharathvbcr/Jarvis/cmd/qualify/provenance.go:75.2,75.18 1 0
github.com/bharathvbcr/Jarvis/cmd/qualify/provenance.go:75.18,77.3 1 0
github.com/bharathvbcr/Jarvis/cmd/qualify/provenance.go:78.2,78.16 1 0
github.com/bharathvbcr/Jarvis/cmd/qualify/provenance.go:78.16,80.3 1 0
github.com/bharathvbcr/Jarvis/cmd/qualify/provenance.go:81.2,81.20 1 0
github.com/bharathvbcr/Jarvis/cmd/qualify/provenance.go:81.20,83.3 1 0
github.com/bharathvbcr/Jarvis/cmd/qualify/provenance.go:84.2,85.27 2 0
github.com/bharathvbcr/Jarvis/cmd/qualify/provenance.go:85.27,87.3 1 0
github.com/bharathvbcr/Jarvis/cmd/qualify/provenance.go:88.2,90.62 3 0
github.com/bharathvbcr/Jarvis/cmd/qualify/provenance.go:90.62,92.17 2 0
github.com/bharathvbcr/Jarvis/cmd/qualify/provenance.go:92.17,94.4 1 0
github.com/bharathvbcr/Jarvis/cmd/qualify/provenance.go:95.3,95.25 1 0
github.com/bharathvbcr/Jarvis/cmd/qualify/provenance.go:97.2,97.46 1 0
github.com/bharathvbcr/Jarvis/cmd/qualify/provenance.go:97.46,99.3 1 0
github.com/bharathvbcr/Jarvis/cmd/qualify/provenance.go:100.2,100.32 1 0
github.com/bharathvbcr/Jarvis/cmd/qualify/provenance.go:100.32,102.17 2 0
github.com/bharathvbcr/Jarvis/cmd/qualify/provenance.go:102.17,104.4 1 0
github.com/bharathvbcr/Jarvis/cmd/qualify/provenance.go:105.3,105.26 1 0
github.com/bharathvbcr/Jarvis/cmd/qualify/provenance.go:107.2,107.108 1 0
github.com/bharathvbcr/Jarvis/cmd/qualify/provenance.go:107.108,109.3 1 0
github.com/bharathvbcr/Jarvis/cmd/qualify/provenance.go:110.2,110.104 1 0
github.com/bharathvbcr/Jarvis/cmd/qualify/provenance.go:110.104,112.38 2 0
github.com/bharathvbcr/Jarvis/cmd/qualify/provenance.go:112.38,114.4 1 0
github.com/bharathvbcr/Jarvis/cmd/qualify/provenance.go:116.2,116.15 1 0
github.com/bharathvbcr/Jarvis/cmd/qualify/provenance.go:118.35,119.34 1 1
github.com/bharathvbcr/Jarvis/cmd/qualify/provenance.go:119.34,121.17 2 1
github.com/bharathvbcr/Jarvis/cmd/qualify/provenance.go:121.17,123.4 1 0
github.com/bharathvbcr/Jarvis/cmd/qualify/provenance.go:124.3,124.18 1 1
github.com/bharathvbcr/Jarvis/cmd/qualify/provenance.go:124.18,126.4 1 1
github.com/bharathvbcr/Jarvis/cmd/qualify/provenance.go:128.2,128.12 1 1
github.com/bharathvbcr/Jarvis/cmd/qualify/provenance.go:133.56,134.30 1 0
github.com/bharathvbcr/Jarvis/cmd/qualify/provenance.go:134.30,136.3 1 0
github.com/bharathvbcr/Jarvis/cmd/qualify/provenance.go:137.2,137.28 1 0
github.com/bharathvbcr/Jarvis/cmd/qualify/provenance.go:139.83,146.34 7 0
github.com/bharathvbcr/Jarvis/cmd/qualify/provenance.go:146.34,148.3 1 0
github.com/bharathvbcr/Jarvis/cmd/qualify/provenance.go:149.2,149.29 1 0
github.com/bharathvbcr/Jarvis/examples/generated/balance/capability.go:14.196,16.16 2 0
github.com/bharathvbcr/Jarvis/examples/generated/balance/capability.go:16.16,18.3 1 0
github.com/bharathvbcr/Jarvis/examples/generated/balance/capability.go:19.2,22.162 2 0
github.com/bharathvbcr/Jarvis/cmd/jarvis/main.go:25.13,26.30 1 0
github.com/bharathvbcr/Jarvis/cmd/jarvis/main.go:26.30,29.3 2 0
github.com/bharathvbcr/Jarvis/cmd/jarvis/main.go:31.34,35.2 3 0
github.com/bharathvbcr/Jarvis/cmd/jarvis/main.go:36.18,37.22 1 0
github.com/bharathvbcr/Jarvis/cmd/jarvis/main.go:37.22,39.3 1 0
github.com/bharathvbcr/Jarvis/cmd/jarvis/main.go:40.2,42.24 3 0
github.com/bharathvbcr/Jarvis/cmd/jarvis/main.go:42.24,43.44 1 0
github.com/bharathvbcr/Jarvis/cmd/jarvis/main.go:43.44,45.4 1 0
github.com/bharathvbcr/Jarvis/cmd/jarvis/main.go:46.3,47.18 2 0
github.com/bharathvbcr/Jarvis/cmd/jarvis/main.go:49.2,76.38 28 0
github.com/bharathvbcr/Jarvis/cmd/jarvis/main.go:76.38,78.3 1 0
github.com/bharathvbcr/Jarvis/cmd/jarvis/main.go:79.2,79.19 1 0
github.com/bharathvbcr/Jarvis/cmd/jarvis/main.go:79.19,81.3 1 0
github.com/bharathvbcr/Jarvis/cmd/jarvis/main.go:82.2,82.39 1 0
github.com/bharathvbcr/Jarvis/cmd/jarvis/main.go:82.39,84.3 1 0
github.com/bharathvbcr/Jarvis/cmd/jarvis/main.go:85.2,86.16 2 0
github.com/bharathvbcr/Jarvis/cmd/jarvis/main.go:86.16,88.3 1 0
github.com/bharathvbcr/Jarvis/cmd/jarvis/main.go:89.2,89.38 1 0
github.com/bharathvbcr/Jarvis/cmd/jarvis/main.go:89.38,90.27 1 0
github.com/bharathvbcr/Jarvis/cmd/jarvis/main.go:90.27,92.4 1 0
github.com/bharathvbcr/Jarvis/cmd/jarvis/main.go:93.3,93.38 1 0
github.com/bharathvbcr/Jarvis/cmd/jarvis/main.go:95.2,97.58 3 0
github.com/bharathvbcr/Jarvis/cmd/jarvis/main.go:97.58,99.17 2 0
github.com/bharathvbcr/Jarvis/cmd/jarvis/main.go:99.17,101.4 1 0
github.com/bharathvbcr/Jarvis/cmd/jarvis/main.go:102.3,104.21 3 0
github.com/bharathvbcr/Jarvis/cmd/jarvis/main.go:107.2,107.31 1 0
github.com/bharathvbcr/Jarvis/cmd/jarvis/main.go:107.31,109.17 2 0
github.com/bharathvbcr/Jarvis/cmd/jarvis/main.go:109.17,111.4 1 0
github.com/bharathvbcr/Jarvis/cmd/jarvis/main.go:112.3,113.17 2 0
github.com/bharathvbcr/Jarvis/cmd/jarvis/main.go:113.17,115.4 1 0
github.com/bharathvbcr/Jarvis/cmd/jarvis/main.go:116.3,117.17 2 0
github.com/bharathvbcr/Jarvis/cmd/jarvis/main.go:117.17,119.4 1 0
github.com/bharathvbcr/Jarvis/cmd/jarvis/main.go:120.3,121.17 2 0
github.com/bharathvbcr/Jarvis/cmd/jarvis/main.go:121.17,123.4 1 0
github.com/bharathvbcr/Jarvis/cmd/jarvis/main.go:124.3,124.23 1 0
github.com/bharathvbcr/Jarvis/cmd/jarvis/main.go:126.2,127.16 2 0
github.com/bharathvbcr/Jarvis/cmd/jarvis/main.go:127.16,129.3 1 0
github.com/bharathvbcr/Jarvis/cmd/jarvis/main.go:130.2,131.17 2 0
github.com/bharathvbcr/Jarvis/cmd/jarvis/main.go:132.15,133.111 1 0
github.com/bharathvbcr/Jarvis/cmd/jarvis/main.go:134.16,135.31 1 0
github.com/bharathvbcr/Jarvis/cmd/jarvis/main.go:136.17,138.17 2 0
github.com/bharathvbcr/Jarvis/cmd/jarvis/main.go:138.17,140.4 1 0
github.com/bharathvbcr/Jarvis/cmd/jarvis/main.go:141.3,141.16 1 0
github.com/bharathvbcr/Jarvis/cmd/jarvis/main.go:141.16,143.18 2 0
github.com/bharathvbcr/Jarvis/cmd/jarvis/main.go:143.18,145.5 1 0
github.com/bharathvbcr/Jarvis/cmd/jarvis/main.go:146.4,146.20 1 0
github.com/bharathvbcr/Jarvis/cmd/jarvis/main.go:148.3,151.33 1 0
github.com/bharathvbcr/Jarvis/cmd/jarvis/main.go:152.15,154.17 2 0
github.com/bharathvbcr/Jarvis/cmd/jarvis/main.go:154.17,156.4 1 0
github.com/bharathvbcr/Jarvis/cmd/jarvis/main.go:157.3,157.24 1 0
github.com/bharathvbcr/Jarvis/cmd/jarvis/main.go:158.17,160.17 2 0
github.com/bharathvbcr/Jarvis/cmd/jarvis/main.go:160.17,162.4 1 0
github.com/bharathvbcr/Jarvis/cmd/jarvis/main.go:163.3,163.25 1 0
github.com/bharathvbcr/Jarvis/cmd/jarvis/main.go:164.17,166.17 2 0
github.com/bharathvbcr/Jarvis/cmd/jarvis/main.go:166.17,168.4 1 0
github.com/bharathvbcr/Jarvis/cmd/jarvis/main.go:169.3,170.17 2 0
github.com/bharathvbcr/Jarvis/cmd/jarvis/main.go:170.17,172.4 1 0
github.com/bharathvbcr/Jarvis/cmd/jarvis/main.go:173.3,173.25 1 0
github.com/bharathvbcr/Jarvis/cmd/jarvis/main.go:173.25,175.4 1 0
github.com/bharathvbcr/Jarvis/cmd/jarvis/main.go:176.3,177.13 2 0
github.com/bharathvbcr/Jarvis/cmd/jarvis/main.go:178.16,180.19 2 0
github.com/bharathvbcr/Jarvis/cmd/jarvis/main.go:180.19,182.4 1 0
github.com/bharathvbcr/Jarvis/cmd/jarvis/main.go:183.3,184.17 2 0
github.com/bharathvbcr/Jarvis/cmd/jarvis/main.go:184.17,186.4 1 0
github.com/bharathvbcr/Jarvis/cmd/jarvis/main.go:187.3,187.39 1 0
github.com/bharathvbcr/Jarvis/cmd/jarvis/main.go:187.39,189.4 1 0
github.com/bharathvbcr/Jarvis/cmd/jarvis/main.go:190.3,190.33 1 0
github.com/bharathvbcr/Jarvis/cmd/jarvis/main.go:190.33,192.4 1 0
github.com/bharathvbcr/Jarvis/cmd/jarvis/main.go:193.3,193.13 1 0
github.com/bharathvbcr/Jarvis/cmd/jarvis/main.go:194.28,196.17 2 0
github.com/bharathvbcr/Jarvis/cmd/jarvis/main.go:196.17,198.4 1 0
github.com/bharathvbcr/Jarvis/cmd/jarvis/main.go:199.3,200.26 2 0
github.com/bharathvbcr/Jarvis/cmd/jarvis/main.go:200.26,201.19 1 0
github.com/bharathvbcr/Jarvis/cmd/jarvis/main.go:201.19,202.70 1 0
github.com/bharathvbcr/Jarvis/cmd/jarvis/main.go:202.70,204.6 1 0
github.com/bharathvbcr/Jarvis/cmd/jarvis/main.go:206.4,206.200 1 0
github.com/bharathvbcr/Jarvis/cmd/jarvis/main.go:207.9,209.4 1 0
github.com/bharathvbcr/Jarvis/cmd/jarvis/main.go:210.3,210.17 1 0
github.com/bharathvbcr/Jarvis/cmd/jarvis/main.go:210.17,212.4 1 0
github.com/bharathvbcr/Jarvis/cmd/jarvis/main.go:213.3,215.13 3 0
github.com/bharathvbcr/Jarvis/cmd/jarvis/main.go:215.13,217.23 2 0
github.com/bharathvbcr/Jarvis/cmd/jarvis/main.go:217.23,218.12 1 0
github.com/bharathvbcr/Jarvis/cmd/jarvis/main.go:219.34,219.34 0 0
github.com/bharathvbcr/Jarvis/cmd/jarvis/main.go:220.23,221.12 1 0
github.com/bharathvbcr/Jarvis/cmd/jarvis/main.go:225.3,228.7 4 0
github.com/bharathvbcr/Jarvis/cmd/jarvis/main.go:228.7,229.11 1 0
github.com/bharathvbcr/Jarvis/cmd/jarvis/main.go:230.22,233.21 3 0
github.com/bharathvbcr/Jarvis/cmd/jarvis/main.go:234.25,236.19 2 0
github.com/bharathvbcr/Jarvis/cmd/jarvis/main.go:236.19,238.6 1 0
github.com/bharathvbcr/Jarvis/cmd/jarvis/main.go:239.5,241.25 3 0
github.com/bharathvbcr/Jarvis/cmd/jarvis/main.go:241.25,242.40 1 0
github.com/bharathvbcr/Jarvis/cmd/jarvis/main.go:242.40,244.7 1 0
github.com/bharathvbcr/Jarvis/cmd/jarvis/main.go:245.6,245.14 1 0
github.com/bharathvbcr/Jarvis/cmd/jarvis/main.go:247.5,247.27 1 0
github.com/bharathvbcr/Jarvis/cmd/jarvis/main.go:247.27,248.47 1 0
github.com/bharathvbcr/Jarvis/cmd/jarvis/main.go:248.47,250.7 1 0
github.com/bharathvbcr/Jarvis/cmd/jarvis/main.go:251.6,251.14 1 0
github.com/bharathvbcr/Jarvis/cmd/jarvis/main.go:253.5,253.27 1 0
github.com/bharathvbcr/Jarvis/cmd/jarvis/main.go:253.27,254.47 1 0
github.com/bharathvbcr/Jarvis/cmd/jarvis/main.go:254.47,256.7 1 0
github.com/bharathvbcr/Jarvis/cmd/jarvis/main.go:257.6,257.14 1 0
github.com/bharathvbcr/Jarvis/cmd/jarvis/main.go:259.5,259.40 1 0
github.com/bharathvbcr/Jarvis/cmd/jarvis/main.go:259.40,260.76 1 0
github.com/bharathvbcr/Jarvis/cmd/jarvis/main.go:260.76,262.7 1 0
github.com/bharathvbcr/Jarvis/cmd/jarvis/main.go:263.6,263.14 1 0
github.com/bharathvbcr/Jarvis/cmd/jarvis/main.go:265.5,265.143 1 0
github.com/bharathvbcr/Jarvis/cmd/jarvis/main.go:265.143,266.166 1 0
github.com/bharathvbcr/Jarvis/cmd/jarvis/main.go:266.166,268.7 1 0
github.com/bharathvbcr/Jarvis/cmd/jarvis/main.go:270.20,272.19 2 0
github.com/bharathvbcr/Jarvis/cmd/jarvis/main.go:272.19,274.6 1 0
github.com/bharathvbcr/Jarvis/cmd/jarvis/main.go:275.5,275.19 1 0
github.com/bharathvbcr/Jarvis/cmd/jarvis/main.go:275.19,276.37 1 0
github.com/bharathvbcr/Jarvis/cmd/jarvis/main.go:276.37,278.7 1 0
github.com/bharathvbcr/Jarvis/cmd/jarvis/main.go:279.6,279.23 1 0
github.com/bharathvbcr/Jarvis/cmd/jarvis/main.go:279.23,281.7 1 0
github.com/bharathvbcr/Jarvis/cmd/jarvis/main.go:282.6,282.57 1 0
github.com/bharathvbcr/Jarvis/cmd/jarvis/main.go:282.57,284.7 1 0
github.com/bharathvbcr/Jarvis/cmd/jarvis/main.go:285.6,285.16 1 0
github.com/bharathvbcr/Jarvis/cmd/jarvis/main.go:287.5,288.108 2 0
github.com/bharathvbcr/Jarvis/cmd/jarvis/main.go:288.108,291.6 2 0
github.com/bharathvbcr/Jarvis/cmd/jarvis/main.go:294.10,295.51 1 0
